20:52:16 **** Incremental Build of configuration Debug for project blink ****
make -j8 all 
arm-none-eabi-gcc "../Src/main.c" -mcpu=cortex-m3 -std=gnu11 -g3 -DDEBUG -DSTM32 -DSTM32F1 -DSTM32F103xB -DSTM32F103C8Tx -c -I../Inc -I../Drivers/CMSIS/Include -I../Drivers/CMSIS/Device/ST/STM32F1xx/Include -O0 -ffunction-sections -fdata-sections -Wall -fstack-usage -fcyclomatic-complexity -MMD -MP -MF"Src/main.d" -MT"Src/main.o" --specs=nano.specs -mfloat-abi=soft -mthumb -o "Src/main.o"
arm-none-eabi-gcc -o "blink.elf" @"objects.list"   -mcpu=cortex-m3 -T"C:\Users\User\OneDrive\Pulpit\blink\blink\STM32F103C8TX_FLASH.ld" --specs=nosys.specs -Wl,-Map="blink.map" -Wl,--gc-sections -static --specs=nano.specs -mfloat-abi=soft -mthumb -Wl,--start-group -lc -lm -Wl,--end-group
Finished building target: blink.elf
 
arm-none-eabi-size   blink.elf 
arm-none-eabi-objdump -h -S  blink.elf  > "blink.list"
   text	   data	    bss	    dec	    hex	filename
    904	      8	   1568	   2480	    9b0	blink.elf
Finished building: default.size.stdout
 
Finished building: blink.list
 

20:52:17 Build Finished. 0 errors, 0 warnings. (took 992ms)

